---
source: src/neutrino_label.rs
expression: label
---
Label {
    phoneme: PhonemeContext {
        language_independent_phoneme_id: "p",
        phoneme_id_two_before: "xx",
        phoneme_id_previous: "xx",
        phoneme_id_current: "pau",
        phoneme_id_next: "r",
        phoneme_id_two_after: "a",
        phoneme_flag_two_before: "xx",
        phoneme_flag_before: "xx",
        phoneme_flag_current: "00",
        phoneme_flag_next: "00",
        phoneme_flag_two_after: "00",
        syllable_phoneme_position_forward: "1",
        syllable_phoneme_position_backward: "1",
        distance_from_prev_vowel: "xx",
        distance_to_next_vowel: "xx",
        reserved: "xx",
    },
    prev_syllable: PrevSyllable {
        phoneme_count: "xx",
        note_position_forward: "xx",
        note_position_backward: "xx",
        language: "xx",
        language_dependent_context: "xx",
    },
    curr_syllable: CurrSyllable {
        phoneme_count: "1",
        note_position_forward: "1",
        note_position_backward: "1",
        language: "xx",
        language_dependent_context: "xx",
    },
    next_syllable: NextSyllable {
        phoneme_count: "2",
        note_position_forward: "1",
        note_position_backward: "1",
        language: "JPN",
        language_dependent_context: "0",
    },
    prev_note: PrevNote {
        absolute_pitch: "xx",
        relative_pitch: "xx",
        key_signature: "xx",
        beat: "xx",
        tempo: "xx",
        length_syllable: "xx",
        length_centisecond: "xx",
        length_triplet_32nd: "xx",
        reserved: "xx",
    },
    curr_note: CurrNote {
        absolute_pitch: "xx",
        relative_pitch: "xx",
        key_signature: "0",
        beat: "4/4",
        tempo: "100",
        length_syllable: "1",
        length_centisecond: "240",
        length_triplet_32nd: "96",
        reserved: "xx",
        measure_note_position_note_forward: "1",
        measure_note_position_note_backward: "1",
        measure_note_position_centisecond_forward: "0",
        measure_note_position_centisecond_backward: "24",
        measure_note_position_triplet_32nd_forward: "0",
        measure_note_position_triplet_32nd_backward: "96",
        measure_note_position_percent_forward: "0",
        measure_note_position_percent_backward: "100",
        phrase_note_position_note_forward: "xx",
        phrase_note_position_note_backward: "xx",
        phrase_note_position_centisecond_forward: "xx",
        phrase_note_position_centisecond_backward: "xx",
        phrase_note_position_triplet_32nd_forward: "xx",
        phrase_note_position_triplet_32nd_backward: "xx",
        phrase_note_position_percent_forward: "xx",
        phrase_note_position_percent_backward: "xx",
        slur_with_previous: "0",
        slur_with_next: "0",
        dynamic_mark: "n",
        distance_to_next_accent_note: "xx",
        distance_to_previous_accent_note: "xx",
        distance_to_next_accent_centisecond: "xx",
        distance_to_previous_accent_centisecond: "xx",
        distance_to_next_accent_triplet_32nd: "xx",
        distance_to_previous_accent_triplet_32nd: "xx",
        distance_to_next_staccato_note: "xx",
        distance_to_previous_staccato_note: "xx",
        distance_to_next_staccato_centisecond: "xx",
        distance_to_previous_staccato_centisecond: "xx",
        distance_to_next_staccato_triplet_32nd: "xx",
        distance_to_previous_staccato_triplet_32nd: "xx",
        crescendo_position_note_forward: "xx",
        crescendo_position_note_backward: "xx",
        crescendo_position_second_forward: "xx",
        crescendo_position_second_backward: "xx",
        crescendo_position_triplet_32nd_forward: "xx",
        crescendo_position_triplet_32nd_backward: "xx",
        crescendo_position_percent_forward: "xx",
        crescendo_position_percent_backward: "xx",
        decrescendo_position_note_forward: "xx",
        decrescendo_position_note_backward: "xx",
        decrescendo_position_second_forward: "xx",
        decrescendo_position_second_backward: "xx",
        decrescendo_position_triplet_32nd_forward: "xx",
        decrescendo_position_triplet_32nd_backward: "xx",
        decrescendo_position_percent_forward: "xx",
        decrescendo_position_percent_backward: "xx",
        pitch_difference_from_previous_note: "xx",
        pitch_difference_to_next_note: "xx",
        reserved_2: "xx",
        reserved_3: "xx",
    },
    next_note: NextNote {
        absolute_pitch: "C5",
        relative_pitch: "0",
        key_signature: "0",
        beat: "4/4",
        tempo: "100",
        length_syllable: "1",
        length_centisecond: "60",
        length_triplet_32nd: "24",
        reserved: "xx",
    },
    prev_phrase: PrevPhrase {
        syllable_count: "xx",
        phoneme_count: "xx",
    },
    curr_phrase: CurrPhrase {
        syllable_count: "xx",
        phoneme_count: "xx",
    },
    next_phrase: NextPhrase {
        syllable_count: "8",
        phoneme_count: "8",
    },
    song: SongContext {
        syllable_per_measure: "2",
        phoneme_per_measure: "2",
        phrase_count: "1",
    },
}
